Received POST request. UserName: , Password: Rizk
Missing UserName or Password.
